2026-07-27 21:38:36 - B2C Result: 
2026-07-27 21:38:36 - B2C Result withdrawal not found. ConversationID: , OriginatorConversationID: 
2026-07-27 21:55:57 - B2C Result: {"Result":{"ResultType":0,"ResultCode":0,"ResultDesc":"The service request is processed successfully.","OriginatorConversationID":"8544-4e2a-bd68-bbd981b518db52627","ConversationID":"AG_20260727_010010031d2dx77ekv48","TransactionID":"TEST1785182157","ResultParameters":{"ResultParameter":[{"Key":"TransactionAmount","Value":"10.00"},{"Key":"TransactionReceipt","Value":"TEST1785182157"},{"Key":"ReceiverPartyPublicName","Value":"254708374149 - Test"},{"Key":"TransactionCompletedDateTime","Value":"27.07.2026 21:55:57"}]}}}
2026-07-27 21:55:57 - B2C Success: Ksh 10.00 sent to 254708374149 - Test, TransactionID: TEST1785182157, WithdrawalID: 102
2026-07-27 21:55:58 - SMS sent via Text SMS: Array
(
    [success] => 1
    [message_id] => 771392022
    [response] => Array
        (
            [responses] => Array
                (
                    [0] => Array
                        (
                            [response-code] => 200
                            [response-description] => Success
                            [mobile] => 254745959757
                            [messageid] => 771392022
                            [networkid] => 1
                        )

                )

        )

)

2026-07-27 22:29:10 - B2C Result: 
2026-07-27 22:29:10 - B2C Result withdrawal not found. ConversationID: , OriginatorConversationID: 
2026-07-27 22:29:46 - B2C Result: 
2026-07-27 22:29:46 - B2C Result withdrawal not found. ConversationID: , OriginatorConversationID: 
