2026-07-25 02:08:27 - B2C Result: {"Result":{"ResultType":0,"ResultCode":0,"ResultDesc":"The service request is processed successfully.","OriginatorConversationID":"6e47-4967-bcb9-74445bede7d2150262","ConversationID":"AG_20260725_0100100306pdhg6hp4zb","TransactionID":"UGP030DTRD","ResultParameters":{"ResultParameter":[{"Key":"TransactionAmount","Value":10},{"Key":"TransactionReceipt","Value":"UGP030DTRD"},{"Key":"ReceiverPartyPublicName","Value":"254708374149 - John Doe"},{"Key":"TransactionCompletedDateTime","Value":"25.07.2026 03:07:41"},{"Key":"B2CUtilityAccountAvailableFunds","Value":3020498.64},{"Key":"B2CWorkingAccountAvailableFunds","Value":584459.00},{"Key":"B2CRecipientIsRegisteredCustomer","Value":"Y"},{"Key":"B2CChargesPaidAccountAvailableFunds","Value":-2420.00}]},"ReferenceData":{"ReferenceItem":{"Key":"QueueTimeoutURL","Value":"https:\/\/internalsandbox.safaricom.co.ke\/mpesa\/b2cresults\/v1\/submit"}}}}
2026-07-25 02:08:27 - B2C Success: Ksh 10.00 sent to 254708374149 - John Doe, TransactionID: UGP030DTRD, WithdrawalID: 79
2026-07-25 02:10:59 - B2C Result: {"Result":{"ResultType":0,"ResultCode":0,"ResultDesc":"The service request is processed successfully.","OriginatorConversationID":"b13d-4e1d-8fb5-0f0d66c4323015602","ConversationID":"AG_20260725_0100100306smeff2m19e","TransactionID":"UGP030DS9L","ResultParameters":{"ResultParameter":[{"Key":"TransactionAmount","Value":10},{"Key":"TransactionReceipt","Value":"UGP030DS9L"},{"Key":"ReceiverPartyPublicName","Value":"254708374149 - John Doe"},{"Key":"TransactionCompletedDateTime","Value":"25.07.2026 03:10:13"},{"Key":"B2CUtilityAccountAvailableFunds","Value":3020455.04},{"Key":"B2CWorkingAccountAvailableFunds","Value":584459.00},{"Key":"B2CRecipientIsRegisteredCustomer","Value":"Y"},{"Key":"B2CChargesPaidAccountAvailableFunds","Value":-2420.00}]},"ReferenceData":{"ReferenceItem":{"Key":"QueueTimeoutURL","Value":"https:\/\/internalsandbox.safaricom.co.ke\/mpesa\/b2cresults\/v1\/submit"}}}}
2026-07-25 02:10:59 - B2C Success: Ksh 10.00 sent to 254708374149 - John Doe, TransactionID: UGP030DS9L, WithdrawalID: 80
2026-07-25 02:13:26 - B2C Result: {"Result":{"ResultType":0,"ResultCode":0,"ResultDesc":"The service request is processed successfully.","OriginatorConversationID":"b13d-4e1d-8fb5-0f0d66c4323015718","ConversationID":"AG_20260725_0100100306vs08jfd9dp","TransactionID":"UGP030DTRE","ResultParameters":{"ResultParameter":[{"Key":"TransactionAmount","Value":10},{"Key":"TransactionReceipt","Value":"UGP030DTRE"},{"Key":"ReceiverPartyPublicName","Value":"254708374149 - John Doe"},{"Key":"TransactionCompletedDateTime","Value":"25.07.2026 03:12:40"},{"Key":"B2CUtilityAccountAvailableFunds","Value":3020411.44},{"Key":"B2CWorkingAccountAvailableFunds","Value":584459.00},{"Key":"B2CRecipientIsRegisteredCustomer","Value":"Y"},{"Key":"B2CChargesPaidAccountAvailableFunds","Value":-2420.00}]},"ReferenceData":{"ReferenceItem":{"Key":"QueueTimeoutURL","Value":"https:\/\/internalsandbox.safaricom.co.ke\/mpesa\/b2cresults\/v1\/submit"}}}}
2026-07-25 02:13:26 - B2C Success: Ksh 10.00 sent to 254708374149 - John Doe, TransactionID: UGP030DTRE, WithdrawalID: 81
2026-07-25 02:18:48 - B2C Result: {"Result":{"ResultType":0,"ResultCode":0,"ResultDesc":"The service request is processed successfully.","OriginatorConversationID":"6e47-4967-bcb9-74445bede7d2150843","ConversationID":"AG_20260725_01001003072oz2xm4nf9","TransactionID":"UGP030DS9N","ResultParameters":{"ResultParameter":[{"Key":"TransactionAmount","Value":10},{"Key":"TransactionReceipt","Value":"UGP030DS9N"},{"Key":"ReceiverPartyPublicName","Value":"254708374149 - John Doe"},{"Key":"TransactionCompletedDateTime","Value":"25.07.2026 03:18:03"},{"Key":"B2CUtilityAccountAvailableFunds","Value":3020367.84},{"Key":"B2CWorkingAccountAvailableFunds","Value":584459.00},{"Key":"B2CRecipientIsRegisteredCustomer","Value":"Y"},{"Key":"B2CChargesPaidAccountAvailableFunds","Value":-2420.00}]},"ReferenceData":{"ReferenceItem":{"Key":"QueueTimeoutURL","Value":"https:\/\/internalsandbox.safaricom.co.ke\/mpesa\/b2cresults\/v1\/submit"}}}}
2026-07-25 02:18:48 - B2C Success: Ksh 10.00 sent to 254708374149 - John Doe, TransactionID: UGP030DS9N, WithdrawalID: 82
2026-07-25 02:26:36 - B2C Result: {"Result":{"ResultType":0,"ResultCode":0,"ResultDesc":"The service request is processed successfully.","OriginatorConversationID":"6e47-4967-bcb9-74445bede7d2151316","ConversationID":"AG_20260725_0100100307cpjvnuq7c3","TransactionID":"UGP030DTRJ","ResultParameters":{"ResultParameter":[{"Key":"TransactionAmount","Value":10},{"Key":"TransactionReceipt","Value":"UGP030DTRJ"},{"Key":"ReceiverPartyPublicName","Value":"254708374149 - John Doe"},{"Key":"TransactionCompletedDateTime","Value":"25.07.2026 03:25:50"},{"Key":"B2CUtilityAccountAvailableFunds","Value":3020280.64},{"Key":"B2CWorkingAccountAvailableFunds","Value":584459.00},{"Key":"B2CRecipientIsRegisteredCustomer","Value":"Y"},{"Key":"B2CChargesPaidAccountAvailableFunds","Value":-2420.00}]},"ReferenceData":{"ReferenceItem":{"Key":"QueueTimeoutURL","Value":"https:\/\/internalsandbox.safaricom.co.ke\/mpesa\/b2cresults\/v1\/submit"}}}}
2026-07-25 02:26:36 - B2C Success: Ksh 10.00 sent to 254708374149 - John Doe, TransactionID: UGP030DTRJ, WithdrawalID: 84
2026-07-25 03:00:37 - B2C Result: {"Result":{"ResultType":0,"ResultCode":0,"ResultDesc":"The service request is processed successfully.","OriginatorConversationID":"b13d-4e1d-8fb5-0f0d66c4323017549","ConversationID":"AG_20260725_0100100308kgk5tgbi2e","TransactionID":"UGP030DS9S","ResultParameters":{"ResultParameter":[{"Key":"TransactionAmount","Value":10},{"Key":"TransactionReceipt","Value":"UGP030DS9S"},{"Key":"ReceiverPartyPublicName","Value":"254708374149 - John Doe"},{"Key":"TransactionCompletedDateTime","Value":"25.07.2026 03:59:51"},{"Key":"B2CUtilityAccountAvailableFunds","Value":3020237.04},{"Key":"B2CWorkingAccountAvailableFunds","Value":584459.00},{"Key":"B2CRecipientIsRegisteredCustomer","Value":"Y"},{"Key":"B2CChargesPaidAccountAvailableFunds","Value":-2420.00}]},"ReferenceData":{"ReferenceItem":{"Key":"QueueTimeoutURL","Value":"https:\/\/internalsandbox.safaricom.co.ke\/mpesa\/b2cresults\/v1\/submit"}}}}
2026-07-25 03:00:37 - B2C Success: Ksh 10.00 sent to 254708374149 - John Doe, TransactionID: UGP030DS9S, WithdrawalID: 85
2026-07-28 13:56:09 - B2C Result: {"Result":{"ResultType":0,"ResultCode":0,"ResultDesc":"Success","OriginatorConversationID":"test-originator","ConversationID":"test-conversation","TransactionID":"TST12345678","ReceiptNumber":"TEST123","TransactionDate":"20260728145500","Amount":10,"B2CRecipientIsRegisteredCustomer":"Y","B2CChargesPaidAccount":"MSISDN","TransactionReason":"SalaryPayment","DebitAccountChargedAmount":10.5,"DebitAccountCharged":600997,"DebitAccountReference":"test-ref","KESAccountBalance":1000,"UtilityAccountBalance":0,"B2CRecipientAccount":"254708374149","B2CUtilityAccountAvailableBalance":0,"B2CWorkingAccountAvailableBalance":0},"OriginatorConversationID":"test-originator","ConversationID":"test-conversation","ResponseCode":"0,"ResponseDescription":"Success"}
2026-07-28 13:56:09 - B2C Result withdrawal not found. ConversationID: , OriginatorConversationID: 
2026-07-28 13:59:04 - B2C Result: {"Result":{"ResultType":0,"ResultCode":0,"ResultDesc":"Success","OriginatorConversationID":"b8a0-4b73-8c6c-70a18412423217867","ConversationID":"AG_20260728_010010030vtjne68gfs6","TransactionID":"TST12345678","ReceiptNumber":"TEST123","TransactionDate":"20260728145500","Amount":10,"B2CRecipientIsRegisteredCustomer":"Y","B2CChargesPaidAccount":"MSISDN","TransactionReason":"SalaryPayment","DebitAccountChargedAmount":10.5,"DebitAccountCharged":600997,"DebitAccountReference":"test-ref","KESAccountBalance":1000,"UtilityAccountBalance":0,"B2CRecipientAccount":"254708374149","B2CUtilityAccountAvailableBalance":0,"B2CWorkingAccountAvailableBalance":0},"OriginatorConversationID":"b8a0-4b73-8c6c-70a18412423217867","ConversationID":"AG_20260728_010010030vtjne68gfs6","ResponseCode":"0","ResponseDescription":"Success"}
2026-07-28 13:59:04 - B2C Result withdrawal not found. ConversationID: AG_20260728_010010030vtjne68gfs6, OriginatorConversationID: b8a0-4b73-8c6c-70a18412423217867
2026-07-28 14:11:12 - B2C Result: {"Result":{"ResultType":0,"ResultCode":0,"ResultDesc":"Success","OriginatorConversationID":"a399-4d4a-b8cf-cb102e9a964a31837","ConversationID":"AG_20260728_010010030wi295nnsg88","TransactionID":"TST12345678","ReceiptNumber":"TEST123","TransactionDate":"20260728151000","Amount":10,"B2CRecipientIsRegisteredCustomer":"Y","B2CChargesPaidAccount":"MSISDN","TransactionReason":"SalaryPayment","DebitAccountChargedAmount":10.5,"DebitAccountCharged":600997,"DebitAccountReference":"test-ref","KESAccountBalance":1000,"UtilityAccountBalance":0,"B2CRecipientAccount":"254708374149","B2CUtilityAccountAvailableBalance":0,"B2CWorkingAccountAvailableBalance":0},"OriginatorConversationID":"a399-4d4a-b8cf-cb102e9a964a31837","ConversationID":"AG_20260728_010010030wi295nnsg88","ResponseCode":"0","ResponseDescription":"Success"}
2026-07-28 14:11:12 - B2C Success: Ksh 10.00 sent to , TransactionID: TST12345678, WithdrawalID: 124
2026-07-28 14:12:04 - B2C Result: {"Result":{"ResultType":0,"ResultCode":0,"ResultDesc":"Success","OriginatorConversationID":"a399-4d4a-b8cf-cb102e9a964a31837","ConversationID":"AG_20260728_010010030wi295nnsg88","TransactionID":"TST12345678","ReceiptNumber":"TEST123","TransactionDate":"20260728151000","Amount":10,"B2CRecipientIsRegisteredCustomer":"Y","B2CChargesPaidAccount":"MSISDN","TransactionReason":"SalaryPayment","DebitAccountChargedAmount":10.5,"DebitAccountCharged":600997,"DebitAccountReference":"test-ref","KESAccountBalance":1000,"UtilityAccountBalance":0,"B2CRecipientAccount":"254708374149","B2CUtilityAccountAvailableBalance":0,"B2CWorkingAccountAvailableBalance":0},"OriginatorConversationID":"a399-4d4a-b8cf-cb102e9a964a31837","ConversationID":"AG_20260728_010010030wi295nnsg88","ResponseCode":"0","ResponseDescription":"Success"}
2026-07-28 14:12:04 - B2C Success: Ksh 10.00 sent to , TransactionID: TST12345678, WithdrawalID: 124
2026-07-28 14:12:04 - SMS sent via Mobitech: Array
(
    [success] => 1
    [message_id] => 31417896
    [response] => Array
        (
            [status_code] => 1000
            [status_desc] => Success
            [message_id] => 31417896
            [mobile_number] => 254745959757
            [network_id] => 1
            [message_cost] => 0.35
            [credit_balance] => 12.4
        )

    [cost] => 
)

2026-07-28 20:06:47 - B2C Result: 
2026-07-28 20:06:47 - B2C Result withdrawal not found. ConversationID: , OriginatorConversationID: 
2026-07-28 20:10:14 - B2C Result: 
2026-07-28 20:10:14 - B2C Result withdrawal not found. ConversationID: , OriginatorConversationID: 
2026-07-28 20:22:49 - B2C Result: 
2026-07-28 20:22:49 - B2C Result withdrawal not found. ConversationID: , OriginatorConversationID: 
2026-07-28 20:22:59 - B2C Result: 
2026-07-28 20:22:59 - B2C Result withdrawal not found. ConversationID: , OriginatorConversationID: 
2026-07-30 05:36:56 - B2C Result: 
2026-07-30 05:36:56 - B2C Result withdrawal not found. ConversationID: , OriginatorConversationID: 
2026-07-30 05:37:03 - B2C Timeout: 
2026-07-30 05:37:03 - B2C Timeout recorded for ConversationID: 
2026-07-30 05:37:19 - B2C Timeout: 
2026-07-30 05:37:19 - B2C Timeout recorded for ConversationID: 
2026-07-30 05:37:20 - B2C Result: 
2026-07-30 05:37:20 - B2C Result withdrawal not found. ConversationID: , OriginatorConversationID: 
